exports[`<PostTitle /> renders snapshot 1`] = `
<h1
  className="boldr-post__title" />
`;
