exports[`<Author /> renders snapshot 1`] = `
<div
  className="post__sidebar-author">
  <Feed>
    <FeedEvent>
      <FeedLabel
        image="abcd" />
      <FeedContent>
        <FeedSummary>
           
        </FeedSummary>
      </FeedContent>
    </FeedEvent>
  </Feed>
</div>
`;
