exports[`test renders snapshot 1`] = `
<section
  className="boldr-card" />
`;
