exports[`<Home /> renders snapshot 1`] = `
<div>
  <Connect(BaseTemplate)
    footer={<Footer />}
    helmetMeta={
      <HelmetWrapper
        title="Home" />
    }
    hero={<Hero />}>
    <Grid
      componentClass="div"
      fluid={true}>
      <Row
        componentClass="div"
        style={
          Object {
            "padding": "25px",
          }
        }>
        Placeholder
      </Row>
    </Grid>
  </Connect(BaseTemplate)>
</div>
`;
