exports[`test <Verify />, renders the verify account form card 1`] = `<Connect(Verify) />`;
