exports[`<PostCard /> renders snapshot 1`] = `
<div
  className="post__card-wrapper">
  <Component
    fluid={true}>
    <Component />
    <Component>
      NaN/NaN/0NaN
      <Component>
        <Row
          componentClass="div">
          <Link
            onlyActiveOnIndex={false}
            style={Object {}}
            to="/blog/undefined">
            <Component
              submit={false}
              type="default">
              Read More
            </Component>
          </Link>
        </Row>
        <Row
          componentClass="div"
          xsEnd={true}>
          <Component />
        </Row>
      </Component>
    </Component>
  </Component>
</div>
`;
