exports[`<TagBlock /> renders snapshot 1`] = `
<div>
  No tags
</div>
`;
