exports[`test <ForgotPassword />, renders the forgot password form card 1`] = `<Connect(ForgotPassword) />`;
