exports[`test <ResetPassword />, renders the reset password form card 1`] = `<Connect(ResetPassword) />`;
