exports[`<Widget /> renders snapshot 1`] = `
<div
  className="widget__wrap">
  <Card>
    <CardContent>
      <CardHeader />
      <CardMeta />
      <CardDescription>
        Lorem ipsum dolor sit amet, consectetur adipiscing elit. Donec mattis pretium massa. Aliquam erat volutpat. Nulla facilisi. Donec vulputate interdum sollicitudin. Nunc lacinia auctor quam sed pellentesque. Aliquam dui mauris, mattis quis lacus id, pellentesque lobortis odio.
      </CardDescription>
    </CardContent>
  </Card>
</div>
`;
