exports[`<Tag /> renders snapshot 1`] = `
<Link
  onlyActiveOnIndex={false}
  style={Object {}}
  to="/blog/tags/undefined">
  <Label
    image={true}>
    <Icon
      as="i"
      name="tag" />
  </Label>
</Link>
`;
